
Files:
  reset.o:  TEXT fc00(12e) hex
  vectors.o:  VECTORS_GENERAL ffd4(1c), VECTORS_SYSTEM fff0(10) hex
  exceptions.o:  TEXT fd2e(66) hex
  core.o:  TEXT fd94(46) hex
  timer.o:  TEXT fdda(1) hex
  tables.o:  RODATA fe04(20) hex
  sound.o:  TEXT fddb(29) hex


Section mapping (numbers in hex):
------------------------------
  0000fc00 TEXT  (size 224, allocated 223)
           0000fc00 - 0000fd2e reset.o(TEXT)
           0000fd2e - 0000fd94 exceptions.o(TEXT)
           0000fd94 - 0000fdda core.o(TEXT)
           0000fdda - 0000fddb timer.o(TEXT)
           0000fddb - 0000fe04 sound.o(TEXT)
           0000fe04 - 0000fe24 tables.o(RODATA)
------------------------------
  0000ffd4 VECTORS_GENERAL  (size 1c)
           0000ffd4 - 0000fff0 vectors.o(VECTORS_GENERAL)
------------------------------
  0000fff0 VECTORS_SYSTEM  (size 10)
           0000fff0 - 00010000 vectors.o(VECTORS_SYSTEM)


Symbols of TEXT:
  0xfc00 rom_version: global reloc, size 0
  0xfc00 _TEXT_START: global reloc, size 0
  0xfc18 exc_reset: global reloc, size 0
  0xfcd0 color_loop: local reloc, size 0
  0xfce5 init_vectors: local reloc, size 0
  0xfcfe vector_table: local reloc, size 0
  0xfd2e exc_firq: global reloc, size 0
  0xfd2e exc_illop: global reloc, size 0
  0xfd2e exc_swi2: global reloc, size 0
  0xfd2e exc_swi3: global reloc, size 0
  0xfd2f exc_irq: global reloc, size 0
  0xfd39 exc_test_tim: local reloc, size 0
  0xfd43 exc_next_tim: local reloc, size 0
  0xfd4a exc_irq_core_frame_done: local reloc, size 0
  0xfd5d exc_irq_core_load_bin: local reloc, size 0
  0xfd6b exc_irq_core_load_squirrel: local reloc, size 0
  0xfd79 exc_irq_end: local reloc, size 0
  0xfd7a exc_nmi: global reloc, size 0
  0xfd7a exc_swi: global reloc, size 0
  0xfd7b exc_irq_squirrel: global reloc, size 0
  0xfd93 exc_irq_squirrel_end: local reloc, size 0
  0xfd94 core_frame_done_irq: global reloc, size 0
  0xfdbb core_load_bin_irq: global reloc, size 0
  0xfdc4 core_load_squirrel_irq: global reloc, size 0
  0xfdda timer5_irq: global reloc, size 0
  0xfdda timer7_irq: global reloc, size 0
  0xfdda timer6_irq: global reloc, size 0
  0xfdda timer2_irq: global reloc, size 0
  0xfdda timer1_irq: global reloc, size 0
  0xfdda timer0_irq: global reloc, size 0
  0xfdda timer4_irq: global reloc, size 0
  0xfdda timer3_irq: global reloc, size 0
  0xfddb sound_reset: global reloc, size 0
  0xfe04 punch_icon: global reloc, size 0
  0xfe24 _TEXT_END: global reloc, size 0

Symbols of DATA:
  0xfe24 _DATA_END: global reloc, size 0
  0xfe24 _DATA_START: global reloc, size 0

Symbols of BSS:
  0x0100 _BSS_START: global reloc, size 0
  0x0100 _BSS_END: global reloc, size 0

Symbols of VECTORS_GENERAL:
  0xffd4 _VECTORS_GENERAL_START: global reloc, size 0
  0xfff0 _VECTORS_GENERAL_END: global reloc, size 0

Symbols of VECTORS_SYSTEM:
  0xfff0 _VECTORS_SYSTEM_START: global reloc, size 0
  0x10000 _VECTORS_SYSTEM_END: global reloc, size 0

Absolute symbols:
  0x0000 S_X: local abs, size 0
  0x0000 S_X: local abs, size 0
  0x0000 S_X: local abs, size 0
  0x0000 S_X: local abs, size 0
  0x0000 S_X: local abs, size 0
  0x0002 S_Y: local abs, size 0
  0x0002 S_Y: local abs, size 0
  0x0002 S_Y: local abs, size 0
  0x0002 S_Y: local abs, size 0
  0x0002 S_Y: local abs, size 0
  0x0004 S_W: local abs, size 0
  0x0004 S_W: local abs, size 0
  0x0004 S_W: local abs, size 0
  0x0004 S_W: local abs, size 0
  0x0004 S_W: local abs, size 0
  0x0006 S_H: local abs, size 0
  0x0006 S_H: local abs, size 0
  0x0006 S_H: local abs, size 0
  0x0006 S_H: local abs, size 0
  0x0006 S_H: local abs, size 0
  0x0008 S_B_0: local abs, size 0
  0x0008 S_B_0: local abs, size 0
  0x0008 S_B_0: local abs, size 0
  0x0008 S_B_0: local abs, size 0
  0x0008 S_B_0: local abs, size 0
  0x0009 S_B_1: local abs, size 0
  0x0009 S_B_1: local abs, size 0
  0x0009 S_B_1: local abs, size 0
  0x0009 S_B_1: local abs, size 0
  0x0009 S_B_1: local abs, size 0
  0x000a S_B_2: local abs, size 0
  0x000a S_B_2: local abs, size 0
  0x000a S_B_2: local abs, size 0
  0x000a S_B_2: local abs, size 0
  0x000a S_B_2: local abs, size 0
  0x000b S_B_3: local abs, size 0
  0x000b S_B_3: local abs, size 0
  0x000b S_B_3: local abs, size 0
  0x000b S_B_3: local abs, size 0
  0x000b S_B_3: local abs, size 0
  0x000c S_F_0: local abs, size 0
  0x000c S_F_0: local abs, size 0
  0x000c S_F_0: local abs, size 0
  0x000c S_F_0: local abs, size 0
  0x000c S_F_0: local abs, size 0
  0x000d S_F_1: local abs, size 0
  0x000d S_F_1: local abs, size 0
  0x000d S_F_1: local abs, size 0
  0x000d S_F_1: local abs, size 0
  0x000d S_F_1: local abs, size 0
  0x000e S_F_2: local abs, size 0
  0x000e S_F_2: local abs, size 0
  0x000e S_F_2: local abs, size 0
  0x000e S_F_2: local abs, size 0
  0x000e S_F_2: local abs, size 0
  0x000f S_INDEX: local abs, size 0
  0x000f S_INDEX: local abs, size 0
  0x000f S_INDEX: local abs, size 0
  0x000f S_INDEX: local abs, size 0
  0x000f S_INDEX: local abs, size 0
  0x0100 VECTOR_ILLOP_INDIRECT: local abs, size 0
  0x0100 VECTOR_ILLOP_INDIRECT: local abs, size 0
  0x0100 VECTOR_ILLOP_INDIRECT: local abs, size 0
  0x0100 VECTOR_ILLOP_INDIRECT: local abs, size 0
  0x0100 VECTOR_ILLOP_INDIRECT: local abs, size 0
  0x0102 VECTOR_SWI3_INDIRECT: local abs, size 0
  0x0102 VECTOR_SWI3_INDIRECT: local abs, size 0
  0x0102 VECTOR_SWI3_INDIRECT: local abs, size 0
  0x0102 VECTOR_SWI3_INDIRECT: local abs, size 0
  0x0102 VECTOR_SWI3_INDIRECT: local abs, size 0
  0x0104 VECTOR_SWI2_INDIRECT: local abs, size 0
  0x0104 VECTOR_SWI2_INDIRECT: local abs, size 0
  0x0104 VECTOR_SWI2_INDIRECT: local abs, size 0
  0x0104 VECTOR_SWI2_INDIRECT: local abs, size 0
  0x0104 VECTOR_SWI2_INDIRECT: local abs, size 0
  0x0106 VECTOR_FIRQ_INDIRECT: local abs, size 0
  0x0106 VECTOR_FIRQ_INDIRECT: local abs, size 0
  0x0106 VECTOR_FIRQ_INDIRECT: local abs, size 0
  0x0106 VECTOR_FIRQ_INDIRECT: local abs, size 0
  0x0106 VECTOR_FIRQ_INDIRECT: local abs, size 0
  0x0108 VECTOR_IRQ_INDIRECT: local abs, size 0
  0x0108 VECTOR_IRQ_INDIRECT: local abs, size 0
  0x0108 VECTOR_IRQ_INDIRECT: local abs, size 0
  0x0108 VECTOR_IRQ_INDIRECT: local abs, size 0
  0x0108 VECTOR_IRQ_INDIRECT: local abs, size 0
  0x010a VECTOR_SWI_INDIRECT: local abs, size 0
  0x010a VECTOR_SWI_INDIRECT: local abs, size 0
  0x010a VECTOR_SWI_INDIRECT: local abs, size 0
  0x010a VECTOR_SWI_INDIRECT: local abs, size 0
  0x010a VECTOR_SWI_INDIRECT: local abs, size 0
  0x010c VECTOR_NMI_INDIRECT: local abs, size 0
  0x010c VECTOR_NMI_INDIRECT: local abs, size 0
  0x010c VECTOR_NMI_INDIRECT: local abs, size 0
  0x010c VECTOR_NMI_INDIRECT: local abs, size 0
  0x010c VECTOR_NMI_INDIRECT: local abs, size 0
  0x0110 TIMER0_VECTOR_INDIRECT: local abs, size 0
  0x0110 TIMER0_VECTOR_INDIRECT: local abs, size 0
  0x0110 TIMER0_VECTOR_INDIRECT: local abs, size 0
  0x0110 TIMER0_VECTOR_INDIRECT: local abs, size 0
  0x0110 TIMER0_VECTOR_INDIRECT: local abs, size 0
  0x0112 TIMER1_VECTOR_INDIRECT: local abs, size 0
  0x0112 TIMER1_VECTOR_INDIRECT: local abs, size 0
  0x0112 TIMER1_VECTOR_INDIRECT: local abs, size 0
  0x0112 TIMER1_VECTOR_INDIRECT: local abs, size 0
  0x0112 TIMER1_VECTOR_INDIRECT: local abs, size 0
  0x0114 TIMER2_VECTOR_INDIRECT: local abs, size 0
  0x0114 TIMER2_VECTOR_INDIRECT: local abs, size 0
  0x0114 TIMER2_VECTOR_INDIRECT: local abs, size 0
  0x0114 TIMER2_VECTOR_INDIRECT: local abs, size 0
  0x0114 TIMER2_VECTOR_INDIRECT: local abs, size 0
  0x0116 TIMER3_VECTOR_INDIRECT: local abs, size 0
  0x0116 TIMER3_VECTOR_INDIRECT: local abs, size 0
  0x0116 TIMER3_VECTOR_INDIRECT: local abs, size 0
  0x0116 TIMER3_VECTOR_INDIRECT: local abs, size 0
  0x0116 TIMER3_VECTOR_INDIRECT: local abs, size 0
  0x0118 TIMER4_VECTOR_INDIRECT: local abs, size 0
  0x0118 TIMER4_VECTOR_INDIRECT: local abs, size 0
  0x0118 TIMER4_VECTOR_INDIRECT: local abs, size 0
  0x0118 TIMER4_VECTOR_INDIRECT: local abs, size 0
  0x0118 TIMER4_VECTOR_INDIRECT: local abs, size 0
  0x011a TIMER5_VECTOR_INDIRECT: local abs, size 0
  0x011a TIMER5_VECTOR_INDIRECT: local abs, size 0
  0x011a TIMER5_VECTOR_INDIRECT: local abs, size 0
  0x011a TIMER5_VECTOR_INDIRECT: local abs, size 0
  0x011a TIMER5_VECTOR_INDIRECT: local abs, size 0
  0x011c TIMER6_VECTOR_INDIRECT: local abs, size 0
  0x011c TIMER6_VECTOR_INDIRECT: local abs, size 0
  0x011c TIMER6_VECTOR_INDIRECT: local abs, size 0
  0x011c TIMER6_VECTOR_INDIRECT: local abs, size 0
  0x011c TIMER6_VECTOR_INDIRECT: local abs, size 0
  0x011e TIMER7_VECTOR_INDIRECT: local abs, size 0
  0x011e TIMER7_VECTOR_INDIRECT: local abs, size 0
  0x011e TIMER7_VECTOR_INDIRECT: local abs, size 0
  0x011e TIMER7_VECTOR_INDIRECT: local abs, size 0
  0x011e TIMER7_VECTOR_INDIRECT: local abs, size 0
  0x0120 CORE_FRAME_DONE_VECTOR_INDIRECT: local abs, size 0
  0x0120 CORE_FRAME_DONE_VECTOR_INDIRECT: local abs, size 0
  0x0120 CORE_FRAME_DONE_VECTOR_INDIRECT: local abs, size 0
  0x0120 CORE_FRAME_DONE_VECTOR_INDIRECT: local abs, size 0
  0x0120 CORE_FRAME_DONE_VECTOR_INDIRECT: local abs, size 0
  0x0122 CORE_LOAD_BIN_VECTOR_INDIRECT: local abs, size 0
  0x0122 CORE_LOAD_BIN_VECTOR_INDIRECT: local abs, size 0
  0x0122 CORE_LOAD_BIN_VECTOR_INDIRECT: local abs, size 0
  0x0122 CORE_LOAD_BIN_VECTOR_INDIRECT: local abs, size 0
  0x0122 CORE_LOAD_BIN_VECTOR_INDIRECT: local abs, size 0
  0x0126 CORE_LOAD_SQ_VECTOR_INDIRECT: local abs, size 0
  0x0126 CORE_LOAD_SQ_VECTOR_INDIRECT: local abs, size 0
  0x0126 CORE_LOAD_SQ_VECTOR_INDIRECT: local abs, size 0
  0x0126 CORE_LOAD_SQ_VECTOR_INDIRECT: local abs, size 0
  0x0126 CORE_LOAD_SQ_VECTOR_INDIRECT: local abs, size 0
  0x0400 CORE_SR: local abs, size 0
  0x0400 CORE: local abs, size 0
  0x0400 CORE_SR: local abs, size 0
  0x0400 CORE_SR: local abs, size 0
  0x0400 CORE: local abs, size 0
  0x0400 CORE: local abs, size 0
  0x0400 CORE_SR: local abs, size 0
  0x0400 CORE: local abs, size 0
  0x0400 CORE_SR: local abs, size 0
  0x0400 CORE: local abs, size 0
  0x0401 CORE_CR: local abs, size 0
  0x0401 CORE_CR: local abs, size 0
  0x0401 CORE_CR: local abs, size 0
  0x0401 CORE_CR: local abs, size 0
  0x0401 CORE_CR: local abs, size 0
  0x0420 TIMER_SR: local abs, size 0
  0x0420 TIMER_SR: local abs, size 0
  0x0420 TIMER: local abs, size 0
  0x0420 TIMER: local abs, size 0
  0x0420 TIMER_SR: local abs, size 0
  0x0420 TIMER_SR: local abs, size 0
  0x0420 TIMER: local abs, size 0
  0x0420 TIMER: local abs, size 0
  0x0420 TIMER: local abs, size 0
  0x0420 TIMER_SR: local abs, size 0
  0x0421 TIMER_CR: local abs, size 0
  0x0421 TIMER_CR: local abs, size 0
  0x0421 TIMER_CR: local abs, size 0
  0x0421 TIMER_CR: local abs, size 0
  0x0421 TIMER_CR: local abs, size 0
  0x0430 TIMER0_BPM: local abs, size 0
  0x0430 TIMER0_BPM: local abs, size 0
  0x0430 TIMER0_BPM: local abs, size 0
  0x0430 TIMER0_BPM: local abs, size 0
  0x0430 TIMER0_BPM: local abs, size 0
  0x0432 TIMER1_BPM: local abs, size 0
  0x0432 TIMER1_BPM: local abs, size 0
  0x0432 TIMER1_BPM: local abs, size 0
  0x0432 TIMER1_BPM: local abs, size 0
  0x0432 TIMER1_BPM: local abs, size 0
  0x0434 TIMER2_BPM: local abs, size 0
  0x0434 TIMER2_BPM: local abs, size 0
  0x0434 TIMER2_BPM: local abs, size 0
  0x0434 TIMER2_BPM: local abs, size 0
  0x0434 TIMER2_BPM: local abs, size 0
  0x0436 TIMER3_BPM: local abs, size 0
  0x0436 TIMER3_BPM: local abs, size 0
  0x0436 TIMER3_BPM: local abs, size 0
  0x0436 TIMER3_BPM: local abs, size 0
  0x0436 TIMER3_BPM: local abs, size 0
  0x0438 TIMER4_BPM: local abs, size 0
  0x0438 TIMER4_BPM: local abs, size 0
  0x0438 TIMER4_BPM: local abs, size 0
  0x0438 TIMER4_BPM: local abs, size 0
  0x0438 TIMER4_BPM: local abs, size 0
  0x043a TIMER5_BPM: local abs, size 0
  0x043a TIMER5_BPM: local abs, size 0
  0x043a TIMER5_BPM: local abs, size 0
  0x043a TIMER5_BPM: local abs, size 0
  0x043a TIMER5_BPM: local abs, size 0
  0x043c TIMER6_BPM: local abs, size 0
  0x043c TIMER6_BPM: local abs, size 0
  0x043c TIMER6_BPM: local abs, size 0
  0x043c TIMER6_BPM: local abs, size 0
  0x043c TIMER6_BPM: local abs, size 0
  0x043e TIMER7_BPM: local abs, size 0
  0x043e TIMER7_BPM: local abs, size 0
  0x043e TIMER7_BPM: local abs, size 0
  0x043e TIMER7_BPM: local abs, size 0
  0x043e TIMER7_BPM: local abs, size 0
  0x0440 COMMANDER_SQ_SR: local abs, size 0
  0x0440 COMMANDER: local abs, size 0
  0x0440 COMMANDER_SQ_SR: local abs, size 0
  0x0440 COMMANDER: local abs, size 0
  0x0440 COMMANDER: local abs, size 0
  0x0440 COMMANDER_SQ_SR: local abs, size 0
  0x0440 COMMANDER: local abs, size 0
  0x0440 COMMANDER_SQ_SR: local abs, size 0
  0x0440 COMMANDER: local abs, size 0
  0x0440 COMMANDER_SQ_SR: local abs, size 0
  0x0441 COMMANDER_SQ_CR: local abs, size 0
  0x0441 COMMANDER_SQ_CR: local abs, size 0
  0x0441 COMMANDER_SQ_CR: local abs, size 0
  0x0441 COMMANDER_SQ_CR: local abs, size 0
  0x0441 COMMANDER_SQ_CR: local abs, size 0
  0x0442 COMMANDER_SQ_CR_TIMERS: local abs, size 0
  0x0442 COMMANDER_SQ_CR_TIMERS: local abs, size 0
  0x0442 COMMANDER_SQ_CR_TIMERS: local abs, size 0
  0x0442 COMMANDER_SQ_CR_TIMERS: local abs, size 0
  0x0442 COMMANDER_SQ_CR_TIMERS: local abs, size 0
  0x0600 SID0F: local abs, size 0
  0x0600 SND: local abs, size 0
  0x0600 SID0F: local abs, size 0
  0x0600 SID0: local abs, size 0
  0x0600 SND: local abs, size 0
  0x0600 SID0F: local abs, size 0
  0x0600 SID0: local abs, size 0
  0x0600 SND: local abs, size 0
  0x0600 SID0: local abs, size 0
  0x0600 SND: local abs, size 0
  0x0600 SID0F: local abs, size 0
  0x0600 SID0: local abs, size 0
  0x0600 SND: local abs, size 0
  0x0600 SID0F: local abs, size 0
  0x0600 SID0: local abs, size 0
  0x0602 SID0P: local abs, size 0
  0x0602 SID0P: local abs, size 0
  0x0602 SID0P: local abs, size 0
  0x0602 SID0P: local abs, size 0
  0x0602 SID0P: local abs, size 0
  0x0604 SID0VC: local abs, size 0
  0x0604 SID0VC: local abs, size 0
  0x0604 SID0VC: local abs, size 0
  0x0604 SID0VC: local abs, size 0
  0x0604 SID0VC: local abs, size 0
  0x0605 SID0AD: local abs, size 0
  0x0605 SID0AD: local abs, size 0
  0x0605 SID0AD: local abs, size 0
  0x0605 SID0AD: local abs, size 0
  0x0605 SID0AD: local abs, size 0
  0x0606 SID0SR: local abs, size 0
  0x0606 SID0SR: local abs, size 0
  0x0606 SID0SR: local abs, size 0
  0x0606 SID0SR: local abs, size 0
  0x0606 SID0SR: local abs, size 0
  0x061b SID0V: local abs, size 0
  0x061b SID0V: local abs, size 0
  0x061b SID0V: local abs, size 0
  0x061b SID0V: local abs, size 0
  0x061b SID0V: local abs, size 0
  0x0620 SID1F: local abs, size 0
  0x0620 SID1: local abs, size 0
  0x0620 SID1: local abs, size 0
  0x0620 SID1F: local abs, size 0
  0x0620 SID1F: local abs, size 0
  0x0620 SID1F: local abs, size 0
  0x0620 SID1: local abs, size 0
  0x0620 SID1: local abs, size 0
  0x0620 SID1: local abs, size 0
  0x0620 SID1F: local abs, size 0
  0x0622 SID1P: local abs, size 0
  0x0622 SID1P: local abs, size 0
  0x0622 SID1P: local abs, size 0
  0x0622 SID1P: local abs, size 0
  0x0622 SID1P: local abs, size 0
  0x0624 SID1VC: local abs, size 0
  0x0624 SID1VC: local abs, size 0
  0x0624 SID1VC: local abs, size 0
  0x0624 SID1VC: local abs, size 0
  0x0624 SID1VC: local abs, size 0
  0x0625 SID1AD: local abs, size 0
  0x0625 SID1AD: local abs, size 0
  0x0625 SID1AD: local abs, size 0
  0x0625 SID1AD: local abs, size 0
  0x0625 SID1AD: local abs, size 0
  0x0626 SID1SR: local abs, size 0
  0x0626 SID1SR: local abs, size 0
  0x0626 SID1SR: local abs, size 0
  0x0626 SID1SR: local abs, size 0
  0x0626 SID1SR: local abs, size 0
  0x063b SID1V: local abs, size 0
  0x063b SID1V: local abs, size 0
  0x063b SID1V: local abs, size 0
  0x063b SID1V: local abs, size 0
  0x063b SID1V: local abs, size 0
  0x0640 SID2: local abs, size 0
  0x0640 SID2: local abs, size 0
  0x0640 SID2F: local abs, size 0
  0x0640 SID2F: local abs, size 0
  0x0640 SID2F: local abs, size 0
  0x0640 SID2: local abs, size 0
  0x0640 SID2F: local abs, size 0
  0x0640 SID2: local abs, size 0
  0x0640 SID2: local abs, size 0
  0x0640 SID2F: local abs, size 0
  0x0642 SID2P: local abs, size 0
  0x0642 SID2P: local abs, size 0
  0x0642 SID2P: local abs, size 0
  0x0642 SID2P: local abs, size 0
  0x0642 SID2P: local abs, size 0
  0x0644 SID2VC: local abs, size 0
  0x0644 SID2VC: local abs, size 0
  0x0644 SID2VC: local abs, size 0
  0x0644 SID2VC: local abs, size 0
  0x0644 SID2VC: local abs, size 0
  0x0645 SID2AD: local abs, size 0
  0x0645 SID2AD: local abs, size 0
  0x0645 SID2AD: local abs, size 0
  0x0645 SID2AD: local abs, size 0
  0x0645 SID2AD: local abs, size 0
  0x0646 SID2SR: local abs, size 0
  0x0646 SID2SR: local abs, size 0
  0x0646 SID2SR: local abs, size 0
  0x0646 SID2SR: local abs, size 0
  0x0646 SID2SR: local abs, size 0
  0x065b SID2V: local abs, size 0
  0x065b SID2V: local abs, size 0
  0x065b SID2V: local abs, size 0
  0x065b SID2V: local abs, size 0
  0x065b SID2V: local abs, size 0
  0x0660 SID3: local abs, size 0
  0x0660 SID3F: local abs, size 0
  0x0660 SID3F: local abs, size 0
  0x0660 SID3: local abs, size 0
  0x0660 SID3: local abs, size 0
  0x0660 SID3F: local abs, size 0
  0x0660 SID3: local abs, size 0
  0x0660 SID3F: local abs, size 0
  0x0660 SID3F: local abs, size 0
  0x0660 SID3: local abs, size 0
  0x0662 SID3P: local abs, size 0
  0x0662 SID3P: local abs, size 0
  0x0662 SID3P: local abs, size 0
  0x0662 SID3P: local abs, size 0
  0x0662 SID3P: local abs, size 0
  0x0664 SID3VC: local abs, size 0
  0x0664 SID3VC: local abs, size 0
  0x0664 SID3VC: local abs, size 0
  0x0664 SID3VC: local abs, size 0
  0x0664 SID3VC: local abs, size 0
  0x0665 SID3AD: local abs, size 0
  0x0665 SID3AD: local abs, size 0
  0x0665 SID3AD: local abs, size 0
  0x0665 SID3AD: local abs, size 0
  0x0665 SID3AD: local abs, size 0
  0x0666 SID3SR: local abs, size 0
  0x0666 SID3SR: local abs, size 0
  0x0666 SID3SR: local abs, size 0
  0x0666 SID3SR: local abs, size 0
  0x0666 SID3SR: local abs, size 0
  0x067b SID3V: local abs, size 0
  0x067b SID3V: local abs, size 0
  0x067b SID3V: local abs, size 0
  0x067b SID3V: local abs, size 0
  0x067b SID3V: local abs, size 0
  0x0790 SNDM: local abs, size 0
  0x0790 SNDM: local abs, size 0
  0x0790 SNDM: local abs, size 0
  0x0790 SNDM0L: local abs, size 0
  0x0790 SNDM0L: local abs, size 0
  0x0790 SNDM0L: local abs, size 0
  0x0790 SNDM: local abs, size 0
  0x0790 SNDM0L: local abs, size 0
  0x0790 SNDM: local abs, size 0
  0x0790 SNDM0L: local abs, size 0
  0x0791 SNDM0R: local abs, size 0
  0x0791 SNDM0R: local abs, size 0
  0x0791 SNDM0R: local abs, size 0
  0x0791 SNDM0R: local abs, size 0
  0x0791 SNDM0R: local abs, size 0
  0x0792 SNDM1L: local abs, size 0
  0x0792 SNDM1L: local abs, size 0
  0x0792 SNDM1L: local abs, size 0
  0x0792 SNDM1L: local abs, size 0
  0x0792 SNDM1L: local abs, size 0
  0x0793 SNDM1R: local abs, size 0
  0x0793 SNDM1R: local abs, size 0
  0x0793 SNDM1R: local abs, size 0
  0x0793 SNDM1R: local abs, size 0
  0x0793 SNDM1R: local abs, size 0
  0x0798 MXAN0L: local abs, size 0
  0x0798 MXAN0L: local abs, size 0
  0x0798 MXAN0L: local abs, size 0
  0x0798 MXAN0L: local abs, size 0
  0x0798 MXAN0L: local abs, size 0
  0x0799 MXAN0R: local abs, size 0
  0x0799 MXAN0R: local abs, size 0
  0x0799 MXAN0R: local abs, size 0
  0x0799 MXAN0R: local abs, size 0
  0x0799 MXAN0R: local abs, size 0
  0x079a MXAN1L: local abs, size 0
  0x079a MXAN1L: local abs, size 0
  0x079a MXAN1L: local abs, size 0
  0x079a MXAN1L: local abs, size 0
  0x079a MXAN1L: local abs, size 0
  0x079b MXAN1R: local abs, size 0
  0x079b MXAN1R: local abs, size 0
  0x079b MXAN1R: local abs, size 0
  0x079b MXAN1R: local abs, size 0
  0x079b MXAN1R: local abs, size 0
  0x079c MXAN2L: local abs, size 0
  0x079c MXAN2L: local abs, size 0
  0x079c MXAN2L: local abs, size 0
  0x079c MXAN2L: local abs, size 0
  0x079c MXAN2L: local abs, size 0
  0x079d MXAN2R: local abs, size 0
  0x079d MXAN2R: local abs, size 0
  0x079d MXAN2R: local abs, size 0
  0x079d MXAN2R: local abs, size 0
  0x079d MXAN2R: local abs, size 0
  0x079e MXAN3L: local abs, size 0
  0x079e MXAN3L: local abs, size 0
  0x079e MXAN3L: local abs, size 0
  0x079e MXAN3L: local abs, size 0
  0x079e MXAN3L: local abs, size 0
  0x079f MXAN3R: local abs, size 0
  0x079f MXAN3R: local abs, size 0
  0x079f MXAN3R: local abs, size 0
  0x079f MXAN3R: local abs, size 0
  0x079f MXAN3R: local abs, size 0
  0x0800 BLITTER: local abs, size 0
  0x0800 BLITTER_SR: local abs, size 0
  0x0800 BLITTER: local abs, size 0
  0x0800 BLITTER: local abs, size 0
  0x0800 BLITTER_SR: local abs, size 0
  0x0800 BLITTER_SR: local abs, size 0
  0x0800 BLITTER: local abs, size 0
  0x0800 BLITTER: local abs, size 0
  0x0800 BLITTER_SR: local abs, size 0
  0x0800 BLITTER_SR: local abs, size 0
  0x0801 BLITTER_CR: local abs, size 0
  0x0801 BLITTER_CR: local abs, size 0
  0x0801 BLITTER_CR: local abs, size 0
  0x0801 BLITTER_CR: local abs, size 0
  0x0801 BLITTER_CR: local abs, size 0
  0x0802 BLITTER_SRC: local abs, size 0
  0x0802 BLITTER_SRC: local abs, size 0
  0x0802 BLITTER_SRC: local abs, size 0
  0x0802 BLITTER_SRC: local abs, size 0
  0x0802 BLITTER_SRC: local abs, size 0
  0x0803 BLITTER_DST: local abs, size 0
  0x0803 BLITTER_DST: local abs, size 0
  0x0803 BLITTER_DST: local abs, size 0
  0x0803 BLITTER_DST: local abs, size 0
  0x0803 BLITTER_DST: local abs, size 0
  0x0804 BLITTER_TILE: local abs, size 0
  0x0804 BLITTER_TILE: local abs, size 0
  0x0804 BLITTER_TILE: local abs, size 0
  0x0804 BLITTER_TILE: local abs, size 0
  0x0804 BLITTER_TILE: local abs, size 0
  0x0805 BLITTER_COLOR: local abs, size 0
  0x0805 BLITTER_COLOR: local abs, size 0
  0x0805 BLITTER_COLOR: local abs, size 0
  0x0805 BLITTER_COLOR: local abs, size 0
  0x0805 BLITTER_COLOR: local abs, size 0
  0x0808 BLITTER_X0: local abs, size 0
  0x0808 BLITTER_X0: local abs, size 0
  0x0808 BLITTER_X0: local abs, size 0
  0x0808 BLITTER_X0: local abs, size 0
  0x0808 BLITTER_X0: local abs, size 0
  0x080a BLITTER_Y0: local abs, size 0
  0x080a BLITTER_Y0: local abs, size 0
  0x080a BLITTER_Y0: local abs, size 0
  0x080a BLITTER_Y0: local abs, size 0
  0x080a BLITTER_Y0: local abs, size 0
  0x080c BLITTER_X1: local abs, size 0
  0x080c BLITTER_X1: local abs, size 0
  0x080c BLITTER_X1: local abs, size 0
  0x080c BLITTER_X1: local abs, size 0
  0x080c BLITTER_X1: local abs, size 0
  0x080e BLITTER_Y1: local abs, size 0
  0x080e BLITTER_Y1: local abs, size 0
  0x080e BLITTER_Y1: local abs, size 0
  0x080e BLITTER_Y1: local abs, size 0
  0x080e BLITTER_Y1: local abs, size 0
  0x0a00 BLITTER_S_0: local abs, size 0
  0x0a00 BLITTER_S_0: local abs, size 0
  0x0a00 BLITTER_S_0: local abs, size 0
  0x0a00 BLITTER_S_0: local abs, size 0
  0x0a00 BLITTER_S_0: local abs, size 0
  0x0a10 BLITTER_S_1: local abs, size 0
  0x0a10 BLITTER_S_1: local abs, size 0
  0x0a10 BLITTER_S_1: local abs, size 0
  0x0a10 BLITTER_S_1: local abs, size 0
  0x0a10 BLITTER_S_1: local abs, size 0
  0x0ac0 BLITTER_S_C: local abs, size 0
  0x0ac0 BLITTER_S_C: local abs, size 0
  0x0ac0 BLITTER_S_C: local abs, size 0
  0x0ac0 BLITTER_S_C: local abs, size 0
  0x0ac0 BLITTER_S_C: local abs, size 0
  0x0ad0 BLITTER_S_D: local abs, size 0
  0x0ad0 BLITTER_S_D: local abs, size 0
  0x0ad0 BLITTER_S_D: local abs, size 0
  0x0ad0 BLITTER_S_D: local abs, size 0
  0x0ad0 BLITTER_S_D: local abs, size 0
  0x0ae0 BLITTER_S_E: local abs, size 0
  0x0ae0 BLITTER_S_E: local abs, size 0
  0x0ae0 BLITTER_S_E: local abs, size 0
  0x0ae0 BLITTER_S_E: local abs, size 0
  0x0ae0 BLITTER_S_E: local abs, size 0
  0x0af0 BLITTER_S_F: local abs, size 0
  0x0af0 BLITTER_S_F: local abs, size 0
  0x0af0 BLITTER_S_F: local abs, size 0
  0x0af0 BLITTER_S_F: local abs, size 0
  0x0af0 BLITTER_S_F: local abs, size 0

Linker symbols:
  0xfc00 _ROM_START: global abs, size 0
  0x0100 _RAM_START: global abs, size 0
